Device: cuda
Model: se_resnet50 | CutMix: True | Seed: 42
Train: 45000 | Val: 5000 | Test: 10000
Parameters: 26,220,196

Epoch  TrLoss  TrAcc  VaLoss VaTop1 VaTop5       LR
-------------------------------------------------------
    1  4.5120   2.53  4.2790   5.62  18.72 0.028000
    2  4.2745   5.70  3.9528   8.98  29.96 0.046000
    3  4.0384   8.87  3.6680  13.98  37.62 0.064000
    4  3.8297  12.02  3.3246  19.44  46.34 0.082000
    5  3.6186  15.62  2.9989  24.32  55.68 0.100000
    6  3.3563  20.33  2.9278  27.64  57.90 0.097553
    7  3.0906  25.73  2.5917  33.44  64.76 0.090451
    8  2.8508  30.69  2.3969  37.32  69.74 0.079389
    9  2.5986  36.04  2.0698  44.04  76.24 0.065451
   10  2.4116  40.60  1.7905  50.70  82.04 0.050000
   11  2.2494  44.51  1.7002  52.46  83.70 0.034549
   12  2.1415  47.80  1.5086  57.58  86.86 0.020611
   13  2.0056  51.32  1.3630  61.62  88.62 0.009549
   14  1.8232  55.74  1.2730  64.26  90.24 0.002447
   15  1.7846  57.25  1.2207  64.64  90.94 0.000000

Best Validation Top-1: 64.64%

Evaluating on test set (final evaluation)...
Test Top-1: 65.39% | Test Top-5: 90.34%
Test Top-1 (best ckpt): 65.39% | Test Top-5: 90.34%

Results saved to: results/se_cutmix_demo42/
