Device: cuda
Model: resnet50 | CutMix: False | Seed: 42
Train: 45000 | Val: 5000 | Test: 10000
Parameters: 23,705,252

Epoch  TrLoss  TrAcc  VaLoss VaTop1 VaTop5       LR
-------------------------------------------------------
    1  4.5572   1.68  4.4696   2.62   9.94 0.028000
    2  4.4165   3.35  4.2446   5.40  20.36 0.046000
    3  4.1074   7.43  3.7626  12.36  33.56 0.064000
    4  3.7318  12.37  3.4239  17.20  45.02 0.082000
    5  3.3579  18.20  3.1290  22.64  52.32 0.100000
    6  2.9713  24.84  2.8990  28.12  59.94 0.097553
    7  2.5180  33.59  2.5538  33.04  66.88 0.090451
    8  2.1817  40.85  2.1673  41.76  74.38 0.079389
    9  1.9227  46.72  2.3778  39.70  72.50 0.065451
   10  1.6923  52.31  1.9342  48.64  79.90 0.050000
   11  1.4884  57.53  1.8424  49.60  81.06 0.034549
   12  1.2856  63.14  1.5103  57.82  85.86 0.020611
   13  1.0947  68.31  1.2986  62.72  89.26 0.009549
   14  0.9438  72.80  1.1918  65.36  90.36 0.002447
   15  0.8434  76.05  1.1448  66.22  91.24 0.000000

Best Validation Top-1: 66.22%

Evaluating on test set (final evaluation)...
Test Top-1: 67.12% | Test Top-5: 91.12%
Test Top-1 (best ckpt): 67.12% | Test Top-5: 91.12%

Results saved to: results/baseline_demo42/
